............................................................................................................................................................................................................ [ 15%]
........................................................................................................... [ 23%]
..................................................................... [ 28%]
................................................................... [ 33%]
.......................................................... [ 37%]
................................... [ 40%]
.... [ 40%]
.................................................................... [ 45%]
........................................................................ [ 50%]
........................................................................ [ 56%]
........................................................................ [ 61%]
........................................................................ [ 66%]
........................................................................ [ 72%]
........................................................................ [ 77%]
........................................................................ [ 82%]
........................................................................ [ 88%]
........................................................................ [ 93%]
........................................................................ [ 98%]
..............                                                        [100%]
1346 passed, 687 subtests passed in 39.50s
