/home/nuri/.local/lib/python3.10/site-packages/torch/cuda/__init__.py:187: UserWarning: CUDA initialization: The NVIDIA driver on your system is too old (found version 12020). Please update your GPU driver by downloading and installing a new version from the URL: http://www.nvidia.com/Download/index.aspx Alternatively, go to: https://pytorch.org to install a PyTorch version that has been compiled with your version of the CUDA driver. (Triggered internally at /pytorch/c10/cuda/CUDAFunctions.cpp:119.)
  return torch._C._cuda_getDeviceCount() > 0
Warning: You are sending unauthenticated requests to the HF Hub. Please set a HF_TOKEN to enable higher rate limits and faster downloads.
Loading weights:   0%|          | 0/199 [00:00<?, ?it/s]Loading weights: 100%|██████████| 199/199 [00:00<00:00, 9571.20it/s]
[
  {
    "rank": 1,
    "doc_id": "738ead83c52ecab7",
    "source": "documents/3. 생산매장량(USGS)/USGS_2026.pdf",
    "fact_present": false,
    "text_chars": 826,
    "prefix": "Depletion Allowance: 22% (domestic), 14% (foreign). Government Stockpile: Not available. Events, Trends, and Issues: Excluding U.S. production, worldwide lithiu"
  },
  {
    "rank": 2,
    "doc_id": "7d249f9a257f4d08",
    "source": "nas_document/학습데이터/니켈/Ni_Weda Bay_2025_Resv, Resc_AR_260814.pdf",
    "fact_present": false,
    "text_chars": 673,
    "prefix": "![image 75](<Ni_Weda Bay_2025_Resv, Resc_AR_260814_images/imageFile75.png>)\n\nSource: Benchmark Minerals Intelligence, Eramet, December 2025.\n\nThe world's top ﬁv"
  },
  {
    "rank": 3,
    "doc_id": "d5b09e068b7a4969",
    "source": "nas_document/학습데이터/리튬/Li_Atacama_Woodgina_SQM_2025 증권거래위원회.pdf",
    "fact_present": false,
    "text_chars": 1175,
    "prefix": "Our revenues increased 1.0% to US$4,576.2 million in 2025 from US$4,528.8 in 2024. Gross profit reached US$1,352.6 million (29.6% of revenues) in 2025, higher t"
  },
  {
    "rank": 4,
    "doc_id": "d5b09e068b7a4969",
    "source": "nas_document/학습데이터/리튬/Li_Atacama_Woodgina_SQM_2025 증권거래위원회.pdf",
    "fact_present": false,
    "text_chars": 1052,
    "prefix": "In 2025, our consolidated revenues from lithium sales amounted to US$2,288.2 million, representing 50.0% of our total revenues and a 2.1% increase from US$2,241"
  },
  {
    "rank": 5,
    "doc_id": "7d4a2e2d33655940",
    "source": "nas_document/학습데이터/리튬/Li_Olaroz_Salar del Hombre Muerto(Fenix)_Rio tinto_26년 1분기 보고서.pdf",
    "fact_present": false,
    "text_chars": 694,
    "prefix": "Rio Tinto interest\n\nQ1 2025\n\nQ2 2025\n\nQ3 2025\n\nQ4 2025\n\nQ1 2026\n\nLITHIUM Lithium production (‘000 tonnes)\n\nLithium carbonate (a) (a) 15.0 13.9 13.9 16.9 14.9 Li"
  },
  {
    "rank": 6,
    "doc_id": "3579fb357b259ef8",
    "source": "nas_document/학습데이터/리튬/Li_North American Lithium_Sayona_2026043002396.pdf",
    "fact_present": false,
    "text_chars": 100,
    "prefix": "28 August 2025\n\n![image 43](<Li_North American Lithium_Sayona_2026043002396_images/imageFile43.png>)"
  },
  {
    "rank": 7,
    "doc_id": "3e9be85f1380dc18",
    "source": "nas_document/학습데이터/리튬/Li_Goulamina_Ganfeng_2026043002396.pdf",
    "fact_present": false,
    "text_chars": 777,
    "prefix": "ear-on-year increase of 39.3%; lithium hydroxide production capacity was 720,000 tons, with an output of 356,000 tons, a year-on-year decrease of 13.9%; and lit"
  },
  {
    "rank": 8,
    "doc_id": "69064d612b2f1dcd",
    "source": "nas_document/학습데이터/리튬/Li_Kathleen valley_Liontown.pdf",
    "fact_present": false,
    "text_chars": 999,
    "prefix": "Dear Shareholders, On behalf of the Board of Directors, I am pleased to present Liontown Resources’ 2025 Annual Report. FY25 marked a year of profound significa"
  },
  {
    "rank": 9,
    "doc_id": "d4db546c8ee52764",
    "source": "nas_document/학습데이터/동(구리)/Cu_Oyu Tolgoi_Rio Tinto.pdf",
    "fact_present": false,
    "text_chars": 1137,
    "prefix": "vs Q3 2025 2025\n\nQ4 2025\n\nvs Q4 2024\n\nvs 2024\n\nRio Tinto share of production (‘000 tonnes)\n\nTotal lithium carbonate equivalent (LCE) production1,2 15 NA +23 % 5"
  },
  {
    "rank": 10,
    "doc_id": "d4db546c8ee52764",
    "source": "nas_document/학습데이터/동(구리)/Cu_Oyu Tolgoi_Rio Tinto.pdf",
    "fact_present": false,
    "text_chars": 670,
    "prefix": "Rio Tinto interest\n\nQ4 2024\n\nQ1 2025\n\nQ2 2025\n\nQ3 2025\n\nQ4 2025 2024 2025\n\nLITHIUM Lithium production (‘000 tonnes)\n\nLithium carbonate (a) (a) NA 15 14 14 17 NA"
  }
]
