/home/nuri/.local/lib/python3.10/site-packages/torch/cuda/__init__.py:187: UserWarning: CUDA initialization: The NVIDIA driver on your system is too old (found version 12020). Please update your GPU driver by downloading and installing a new version from the URL: http://www.nvidia.com/Download/index.aspx Alternatively, go to: https://pytorch.org to install a PyTorch version that has been compiled with your version of the CUDA driver. (Triggered internally at /pytorch/c10/cuda/CUDAFunctions.cpp:119.)
  return torch._C._cuda_getDeviceCount() > 0
Warning: You are sending unauthenticated requests to the HF Hub. Please set a HF_TOKEN to enable higher rate limits and faster downloads.
[source -> extracted text -> OKF -> tree]
{"case": "AC28", "doc_id": "doc_e09bbbbdac2e3b3a0b95915f", "extract_text_chars": 2856, "extract_text_path": "inhouse/data_lake/semi_structure/pdf_extract/jodalcheong/texts/doc_e09bbbbdac2e3b3a0b95915f.txt", "fact_in_okf": true, "okf_body_chars": 2731, "okf_path": "조달청보고서/2009년_1월_로이터_비철금속_가격_전망_자료_2.md", "original_exists": true, "tree_document_date": null, "tree_keywords": ["가격", "bank", "capital", "markets", "group", "intelligence", "securities", "standard", "adams", "admisi", "antaike", "anz", "barclays", "bmo", "bnp", "bulletin", "bussan", "calyon", "canaccord", "cash"], "tree_minerals": ["니켈"], "tree_okf_body_sha256": "c2dce9a9e2d5ad2cc59670733b63d1f2f0ea25abba3ad068983ea7c18e3cadee"}
{"case": "AC29", "doc_id": "doc_c5ba28f3421c6bb14b086a0b", "extract_text_chars": 1667, "extract_text_path": "inhouse/data_lake/semi_structure/pdf_extract/jodalcheong/texts/doc_c5ba28f3421c6bb14b086a0b.txt", "fact_in_okf": true, "okf_body_chars": 1541, "okf_path": "조달청보고서/1019_LME_Seminar에서_발표한_품목별_동향_및_전망.md", "original_exists": true, "tree_document_date": null, "tree_keywords": ["수요", "공급", "재고", "생산", "수출", "가격", "광산", "전망", "lme", "최근", "년초", "단기", "이는", "하락", "하락요인", "가능", "년도에는", "상승요인", "정광", "제한"], "tree_minerals": [], "tree_okf_body_sha256": "e6819d8d3dd9bd6c4acf25125d023185e90f4e36eaecd90fcf7673dd77d30a9a"}
{"case": "AC30", "doc_id": "doc_3b3b60baa05e7715521b4901", "extract_text_chars": 837, "extract_text_path": "inhouse/data_lake/semi_structure/pdf_extract/mines/texts/doc_3b3b60baa05e7715521b4901.txt", "fact_in_okf": true, "okf_body_chars": 690, "okf_path": "광산자료/니켈/Ni_Weda_Bay_2025_Prod_AR_260814__2.md", "original_exists": true, "tree_document_date": null, "tree_keywords": ["생산", "kwmt", "saprolite", "수분함량", "품위", "col1", "limonite", "saprolite+limonite", "광석", "금속량", "col2", "col4", "mdmt", "mwmt", "사용량", "산출결과", "생산량", "외부", "자체", "적용"], "tree_minerals": ["니켈"], "tree_okf_body_sha256": null}
{"case": "AC39", "doc_id": "doc_738ead83c52ecab761f68fb4", "extract_text_chars": 781427, "extract_text_path": "inhouse/data_lake/semi_structure/pdf_extract/usgs/texts/doc_738ead83c52ecab761f68fb4.txt", "fact_in_okf": true, "okf_body_chars": 781347, "okf_path": "생산매장량_USGS/USGS_2026.md", "original_exists": true, "tree_document_date": null, "tree_keywords": ["생산", "매장량", "for", "production", "was", "were", "united", "other", "estimated", "states", "tons", "are", "world", "imports", "domestic", "consumption", "china", "data", "u.s.", "that"], "tree_minerals": ["구리", "니켈", "코발트", "리튬", "희토류"], "tree_okf_body_sha256": null}
{"case": "AC41-1", "doc_id": "doc_51886c72704a2c9017503e3c", "extract_text_chars": 1423, "extract_text_path": "inhouse/data_lake/semi_structure/pdf_extract/jodalcheong/texts/doc_51886c72704a2c9017503e3c.txt", "fact_in_okf": true, "okf_body_chars": 1355, "okf_path": "조달청보고서/11.27.md", "original_exists": true, "tree_document_date": "2006-11-27", "tree_keywords": ["공급", "재고", "생산", "lme", "강세", "나월", "bbl", "prices", "spot", "가운데", "기술적", "기준", "뉴스와", "달러", "상승", "아연", "알루미늄", "전망", "주간", "품목"], "tree_minerals": ["구리", "니켈"], "tree_okf_body_sha256": "ae5ee66b71e7f85ac69b8fed01b9a8a58c00ccab2919cc019d072d231859bf23"}
{"case": "AC41-2", "doc_id": "doc_d623918d8502f6dc962570c0", "extract_text_chars": 1621, "extract_text_path": "inhouse/data_lake/semi_structure/pdf_extract/jodalcheong/texts/doc_d623918d8502f6dc962570c0.txt", "fact_in_okf": true, "okf_body_chars": 1553, "okf_path": "조달청보고서/12.18.md", "original_exists": true, "tree_document_date": "2006-12-18", "tree_keywords": ["재고", "생산", "계약", "대부분의", "미국", "일부", "품목", "lme", "prices", "spot", "강세", "기준", "알루미늄", "전주대비", "주간", "주석", "증가", "품목은", "agh", "base"], "tree_minerals": ["구리", "니켈"], "tree_okf_body_sha256": "b4437d22b600f47fa3432f539e600d9a11703b8a5e68e1c1b47f923fbcdfb936"}
{"case": "AC41-3", "doc_id": "doc_c756024d734b611ff55d7b23", "extract_text_chars": 17809, "extract_text_path": "inhouse/data_lake/semi_structure/pdf_extract/jodalcheong/texts/doc_c756024d734b611ff55d7b23.txt", "fact_in_okf": true, "okf_body_chars": 17737, "okf_path": "조달청보고서/주간_080225.md", "original_exists": true, "tree_document_date": "2008-02-25", "tree_keywords": ["수요", "공급", "재고", "생산", "수입", "수출", "가격", "광산", "last", "lme", "usd", "조달청", "현재", "daily", "trade", "연구원", "지난", "stocks", "대비", "것으로"], "tree_minerals": ["구리", "니켈"], "tree_okf_body_sha256": "26912ee5bd0ca6f324419c6b06db5bc7ab07f041779c17129cf19b74fcb2f128"}
[pgvector rows]
AC28 [('e09bbbbdac2e3b3a', 4, None, None)]
AC29 [('c5ba28f3421c6bb1', 2, None, None)]
AC30 [('3b3b60baa05e7715', 2, None, None)]
AC39 [('738ead83c52ecab7', 768, None, None)]
AC41-1 [('51886c72704a2c90', 1, None, None)]
AC41-2 [('d623918d8502f6dc', 2, None, None)]
AC41-3 [('c756024d734b611f', 23, None, None)]
[AC29 PageIndex rank simulation]
before (746, 0.333)
after (1, 0.667)
[AC39 dense top10 exact fact]
Loading weights:   0%|          | 0/199 [00:00<?, ?it/s]Loading weights: 100%|██████████| 199/199 [00:00<00:00, 10624.03it/s]
{"doc_id": "738ead83c52ecab7", "fact_present": false, "rank": 1, "source_path": "documents/3. 생산매장량(USGS)/USGS_2026.pdf"}
{"doc_id": "e4e0fb5e66842c2e", "fact_present": false, "rank": 2, "source_path": "documents/보고서_2/Argus Metal_비철금속_2023~2026_일일 (1)/Argus Non-Ferrous Markets (2025)/Argus Non-Ferrous Markets (2025-11-26).pdf"}
{"doc_id": "7d249f9a257f4d08", "fact_present": false, "rank": 3, "source_path": "nas_document/학습데이터/니켈/Ni_Weda Bay_2025_Resv, Resc_AR_260814.pdf"}
{"doc_id": "d5b09e068b7a4969", "fact_present": false, "rank": 4, "source_path": "nas_document/학습데이터/리튬/Li_Atacama_Woodgina_SQM_2025 증권거래위원회.pdf"}
{"doc_id": "d5b09e068b7a4969", "fact_present": false, "rank": 5, "source_path": "nas_document/학습데이터/리튬/Li_Atacama_Woodgina_SQM_2025 증권거래위원회.pdf"}
{"doc_id": "7d4a2e2d33655940", "fact_present": false, "rank": 6, "source_path": "nas_document/학습데이터/리튬/Li_Olaroz_Salar del Hombre Muerto(Fenix)_Rio tinto_26년 1분기 보고서.pdf"}
{"doc_id": "3579fb357b259ef8", "fact_present": false, "rank": 7, "source_path": "nas_document/학습데이터/리튬/Li_North American Lithium_Sayona_2026043002396.pdf"}
{"doc_id": "3e9be85f1380dc18", "fact_present": false, "rank": 8, "source_path": "nas_document/학습데이터/리튬/Li_Goulamina_Ganfeng_2026043002396.pdf"}
{"doc_id": "69064d612b2f1dcd", "fact_present": false, "rank": 9, "source_path": "nas_document/학습데이터/리튬/Li_Kathleen valley_Liontown.pdf"}
{"doc_id": "d4db546c8ee52764", "fact_present": false, "rank": 10, "source_path": "nas_document/학습데이터/동(구리)/Cu_Oyu Tolgoi_Rio Tinto.pdf"}
