# ingest metadata regression — 2026-09-23

Scope: parser and vector-row unit tests only. No OKF corpus, PageIndex tree, PostgreSQL row,
embedding, reindex, deployment, commit, or acceptance fixture was written.

Command:
  cd inhouse && PYTHONPATH=. python3 -m unittest \
    ingest.tests.test_build_okf_documents \
    ingest.tests.test_build_pgvector_okf \
    ingest.tests.test_paths_registry \
    ingest.tests.test_pdf_parser \
    ingest.tests.test_build_pageindex_trees

Result:
  Ran 46 tests in 0.049s
  OK

Additional checks:
  python3 -m compileall -q inhouse/ingest/okf/build_okf_documents.py \
    inhouse/ingest/vectorize/build_pgvector_okf.py \
    inhouse/ingest/tests/test_build_okf_documents.py \
    inhouse/ingest/tests/test_build_pgvector_okf.py
  git diff --check
  both exit 0

Isolated PageIndex read-only simulation, query `LME Seminar 니켈`:
  current stored AC29 tree metadata: target rank 746, score 0.333
  temporary copy with only target minerals changed [] -> [구리, 니켈]: rank 1, score 0.667
  This measures PageIndex document-candidate scoring only. It does not claim that metadata
  alone determines the dense top-10 result.

SQL-boundary mock:
  build_pgvector_okf.build() passed date(2006, 11, 27) in the fifth SQL row value (pub_date)
  for valid OKF frontmatter. The assertion fails if that value is changed back to None.
