............................................................................................................................................................................................................ [ 14%]
........................................................................................................... [ 21%]
................................................................ [ 26%]
.................................................................................................................................................................................................. [ 39%]
........................................................................................................... [ 47%]
........................................................................ [ 52%]
........................................................................ [ 57%]
........................................................................ [ 62%]
........................................................................ [ 67%]
........................................................................ [ 72%]
........................................................................ [ 77%]
........................................................................ [ 82%]
........................................................................ [ 87%]
........................................................................ [ 92%]
........................................................................ [ 98%]
............................                                          [100%]
=============================== warnings summary ===============================
inhouse/rag_core/tests/test_live_adapter_failure_diagnostics.py::AdapterFailureDiagnosticsTests::test_actual_price_tool_exposes_missing_mapping_without_fetch_or_llm
  /home/nuri/.local/lib/python3.10/site-packages/pydantic_settings/sources/utils.py:47: IncompleteFieldDefinitionWarning: Field 'lifespan' has an incomplete definition: its annotation contains an unresolved forward reference, so settings sources may fail to correctly resolve its value. Call `model_rebuild()` on the model where the field is defined, once all the referenced types are defined.
    warnings.warn(

-- Docs: https://docs.pytest.org/en/stable/how-to/capture-warnings.html
1424 passed, 1 warning, 695 subtests passed in 40.90s
