=== [1/2] build_okf_documents --what argus 시작 Wed Aug 19 12:12:56 PM KST 2026 ===
Argus Metal_비철금속_2023~2026_일일 (1)(유료구독, 내부전용) → 문서-OKF
  [1/690] Argus Non-Ferrous Markets (2023-09-21) (1).pdf
  [2/690] Argus Non-Ferrous Markets (2023-09-22).pdf
  [3/690] Argus Non-Ferrous Markets (2023-09-25).pdf
  [4/690] Argus Non-Ferrous Markets (2023-09-26).pdf
  [5/690] Argus Non-Ferrous Markets (2023-09-27).pdf
  [6/690] Argus Non-Ferrous Markets (2023-09-28).pdf
  [7/690] Argus Non-Ferrous Markets (2023-09-29).pdf
  [8/690] Argus Non-Ferrous Markets (2023-10-02).pdf
  [9/690] Argus Non-Ferrous Markets (2023-10-03).pdf
  [10/690] Argus Non-Ferrous Markets (2023-10-04).pdf
  [11/690] Argus Non-Ferrous Markets (2023-10-05).pdf
  [12/690] Argus Non-Ferrous Markets (2023-10-06).pdf
  [13/690] Argus Non-Ferrous Markets (2023-10-09).pdf
  [14/690] Argus Non-Ferrous Markets (2023-10-10).pdf
  [15/690] Argus Non-Ferrous Markets (2023-10-11).pdf
  [16/690] Argus Non-Ferrous Markets (2023-10-12).pdf
  [17/690] Argus Non-Ferrous Markets (2023-10-13).pdf
  [18/690] Argus Non-Ferrous Markets (2023-10-16).pdf
  [19/690] Argus Non-Ferrous Markets (2023-10-17).pdf
  [20/690] Argus Non-Ferrous Markets (2023-10-18).pdf
  [21/690] Argus Non-Ferrous Markets (2023-10-19).pdf
  [22/690] Argus Non-Ferrous Markets (2023-10-20).pdf
  [23/690] Argus Non-Ferrous Markets (2023-10-23).pdf
  [24/690] Argus Non-Ferrous Markets (2023-10-24).pdf
  [25/690] Argus Non-Ferrous Markets (2023-10-25).pdf
  [26/690] Argus Non-Ferrous Markets (2023-10-26).pdf
  [27/690] Argus Non-Ferrous Markets (2023-10-27).pdf
  [28/690] Argus Non-Ferrous Markets (2023-10-30).pdf
  [29/690] Argus Non-Ferrous Markets (2023-10-31).pdf
  [30/690] Argus Non-Ferrous Markets (2023-11-01).pdf
  [31/690] Argus Non-Ferrous Markets (2023-11-02).pdf
  [32/690] Argus Non-Ferrous Markets (2023-11-03).pdf
  [33/690] Argus Non-Ferrous Markets (2023-11-06).pdf
  [34/690] Argus Non-Ferrous Markets (2023-11-07).pdf
  [35/690] Argus Non-Ferrous Markets (2023-11-08).pdf
  [36/690] Argus Non-Ferrous Markets (2023-11-09).pdf
  [37/690] Argus Non-Ferrous Markets (2023-11-10).pdf
  [38/690] Argus Non-Ferrous Markets (2023-11-13).pdf
  [39/690] Argus Non-Ferrous Markets (2023-11-14).pdf
  [40/690] Argus Non-Ferrous Markets (2023-11-15).pdf
  [41/690] Argus Non-Ferrous Markets (2023-11-16).pdf
  [42/690] Argus Non-Ferrous Markets (2023-11-17).pdf
  [43/690] Argus Non-Ferrous Markets (2023-11-20).pdf
  [44/690] Argus Non-Ferrous Markets (2023-11-21).pdf
  [45/690] Argus Non-Ferrous Markets (2023-11-22).pdf
  [46/690] Argus Non-Ferrous Markets (2023-11-23).pdf
  [47/690] Argus Non-Ferrous Markets (2023-11-24).pdf
  [48/690] Argus Non-Ferrous Markets (2023-11-27).pdf
  [49/690] Argus Non-Ferrous Markets (2023-11-28).pdf
  [50/690] Argus Non-Ferrous Markets (2023-11-29).pdf
  [51/690] Argus Non-Ferrous Markets (2023-11-30).pdf
  [52/690] Argus Non-Ferrous Markets (2023-12-01).pdf
  [53/690] Argus Non-Ferrous Markets (2023-12-04).pdf
  [54/690] Argus Non-Ferrous Markets (2023-12-05).pdf
  [55/690] Argus Non-Ferrous Markets (2023-12-06).pdf
  [56/690] Argus Non-Ferrous Markets (2023-12-07).pdf
  [57/690] Argus Non-Ferrous Markets (2023-12-08).pdf
  [58/690] Argus Non-Ferrous Markets (2023-12-11) (1).pdf
  [59/690] Argus Non-Ferrous Markets (2023-12-12).pdf
  [60/690] Argus Non-Ferrous Markets (2023-12-13).pdf
  [61/690] Argus Non-Ferrous Markets (2023-12-14).pdf
  [62/690] Argus Non-Ferrous Markets (2023-12-15).pdf
  [63/690] Argus Non-Ferrous Markets (2023-12-18).pdf
  [64/690] Argus Non-Ferrous Markets (2023-12-19).pdf
  [65/690] Argus Non-Ferrous Markets (2023-12-20).pdf
  [66/690] Argus Non-Ferrous Markets (2023-12-21).pdf
  [67/690] Argus Non-Ferrous Markets (2023-12-22).pdf
  [68/690] Argus Non-Ferrous Markets (2023-12-27).pdf
  [69/690] Argus Non-Ferrous Markets (2023-12-28).pdf
  [70/690] Argus Non-Ferrous Markets (2023-12-29).pdf
  [71/690] Argus Non-Ferrous Markets (2024-01-02).pdf
  [72/690] Argus Non-Ferrous Markets (2024-01-03).pdf
  [73/690] Argus Non-Ferrous Markets (2024-01-04).pdf
  [74/690] Argus Non-Ferrous Markets (2024-01-05).pdf
  [75/690] Argus Non-Ferrous Markets (2024-01-08).pdf
  [76/690] Argus Non-Ferrous Markets (2024-01-09).pdf
  [77/690] Argus Non-Ferrous Markets (2024-01-10).pdf
  [78/690] Argus Non-Ferrous Markets (2024-01-11).pdf
  [79/690] Argus Non-Ferrous Markets (2024-01-12).pdf
  [80/690] Argus Non-Ferrous Markets (2024-01-15).pdf
  [81/690] Argus Non-Ferrous Markets (2024-01-16).pdf
  [82/690] Argus Non-Ferrous Markets (2024-01-17).pdf
  [83/690] Argus Non-Ferrous Markets (2024-01-18).pdf
  [84/690] Argus Non-Ferrous Markets (2024-01-19).pdf
  [85/690] Argus Non-Ferrous Markets (2024-01-22).pdf
  [86/690] Argus Non-Ferrous Markets (2024-01-23).pdf
  [87/690] Argus Non-Ferrous Markets (2024-01-24).pdf
  [88/690] Argus Non-Ferrous Markets (2024-01-25).pdf
  [89/690] Argus Non-Ferrous Markets (2024-01-26).pdf
  [90/690] Argus Non-Ferrous Markets (2024-01-29).pdf
  [91/690] Argus Non-Ferrous Markets (2024-01-30).pdf
  [92/690] Argus Non-Ferrous Markets (2024-01-31).pdf
  [93/690] Argus Non-Ferrous Markets (2024-02-01).pdf
  [94/690] Argus Non-Ferrous Markets (2024-02-02).pdf
  [95/690] Argus Non-Ferrous Markets (2024-02-05).pdf
  [96/690] Argus Non-Ferrous Markets (2024-02-06).pdf
  [97/690] Argus Non-Ferrous Markets (2024-02-07).pdf
  [98/690] Argus Non-Ferrous Markets (2024-02-08).pdf
  [99/690] Argus Non-Ferrous Markets (2024-02-09).pdf
  [100/690] Argus Non-Ferrous Markets (2024-02-12).pdf
  [101/690] Argus Non-Ferrous Markets (2024-02-13).pdf
  [102/690] Argus Non-Ferrous Markets (2024-02-14).pdf
  [103/690] Argus Non-Ferrous Markets (2024-02-15).pdf
  [104/690] Argus Non-Ferrous Markets (2024-02-16).pdf
  [105/690] Argus Non-Ferrous Markets (2024-02-19).pdf
  [106/690] Argus Non-Ferrous Markets (2024-02-20).pdf
  [107/690] Argus Non-Ferrous Markets (2024-02-21).pdf
  [108/690] Argus Non-Ferrous Markets (2024-02-22).pdf
  [109/690] Argus Non-Ferrous Markets (2024-02-23).pdf
  [110/690] Argus Non-Ferrous Markets (2024-02-26).pdf
  [111/690] Argus Non-Ferrous Markets (2024-02-27).pdf
  [112/690] Argus Non-Ferrous Markets (2024-02-28).pdf
  [113/690] Argus Non-Ferrous Markets (2024-02-29).pdf
  [114/690] Argus Non-Ferrous Markets (2024-03-01).pdf
  [115/690] Argus Non-Ferrous Markets (2024-03-04).pdf
  [116/690] Argus Non-Ferrous Markets (2024-03-05).pdf
  [117/690] Argus Non-Ferrous Markets (2024-03-06).pdf
  [118/690] Argus Non-Ferrous Markets (2024-03-07).pdf
  [119/690] Argus Non-Ferrous Markets (2024-03-08).pdf
  [120/690] Argus Non-Ferrous Markets (2024-03-11).pdf
  [121/690] Argus Non-Ferrous Markets (2024-03-12).pdf
  [122/690] Argus Non-Ferrous Markets (2024-03-13).pdf
  [123/690] Argus Non-Ferrous Markets (2024-03-14).pdf
  [124/690] Argus Non-Ferrous Markets (2024-03-15).pdf
  [125/690] Argus Non-Ferrous Markets (2024-03-18).pdf
  [126/690] Argus Non-Ferrous Markets (2024-03-19).pdf
  [127/690] Argus Non-Ferrous Markets (2024-03-20).pdf
  [128/690] Argus Non-Ferrous Markets (2024-03-21).pdf
  [129/690] Argus Non-Ferrous Markets (2024-03-22).pdf
  [130/690] Argus Non-Ferrous Markets (2024-03-25).pdf
  [131/690] Argus Non-Ferrous Markets (2024-03-26).pdf
  [132/690] Argus Non-Ferrous Markets (2024-03-27).pdf
  [133/690] Argus Non-Ferrous Markets (2024-03-28).pdf
  [134/690] Argus Non-Ferrous Markets (2024-04-02).pdf
  [135/690] Argus Non-Ferrous Markets (2024-04-03).pdf
  [136/690] Argus Non-Ferrous Markets (2024-04-04).pdf
  [137/690] Argus Non-Ferrous Markets (2024-04-05).pdf
  [138/690] Argus Non-Ferrous Markets (2024-04-08).pdf
  [139/690] Argus Non-Ferrous Markets (2024-04-09).pdf
  [140/690] Argus Non-Ferrous Markets (2024-04-10).pdf
  [141/690] Argus Non-Ferrous Markets (2024-04-11).pdf
  [142/690] Argus Non-Ferrous Markets (2024-04-12).pdf
  [143/690] Argus Non-Ferrous Markets (2024-04-15).pdf
  [144/690] Argus Non-Ferrous Markets (2024-04-16).pdf
  [145/690] Argus Non-Ferrous Markets (2024-04-17).pdf
  [146/690] Argus Non-Ferrous Markets (2024-04-18).pdf
  [147/690] Argus Non-Ferrous Markets (2024-04-19).pdf
  [148/690] Argus Non-Ferrous Markets (2024-04-22).pdf
  [149/690] Argus Non-Ferrous Markets (2024-04-23).pdf
  [150/690] Argus Non-Ferrous Markets (2024-04-24).pdf
  [151/690] Argus Non-Ferrous Markets (2024-04-25).pdf
  [152/690] Argus Non-Ferrous Markets (2024-04-26).pdf
  [153/690] Argus Non-Ferrous Markets (2024-04-29).pdf
  [154/690] Argus Non-Ferrous Markets (2024-04-30).pdf
  [155/690] Argus Non-Ferrous Markets (2024-05-01).pdf
  [156/690] Argus Non-Ferrous Markets (2024-05-02).pdf
  [157/690] Argus Non-Ferrous Markets (2024-05-03).pdf
  [158/690] Argus Non-Ferrous Markets (2024-05-07).pdf
  [159/690] Argus Non-Ferrous Markets (2024-05-08).pdf
  [160/690] Argus Non-Ferrous Markets (2024-05-09).pdf
  [161/690] Argus Non-Ferrous Markets (2024-05-10).pdf
  [162/690] Argus Non-Ferrous Markets (2024-05-13).pdf
  [163/690] Argus Non-Ferrous Markets (2024-05-14).pdf
  [164/690] Argus Non-Ferrous Markets (2024-05-15).pdf
  [165/690] Argus Non-Ferrous Markets (2024-05-16).pdf
  [166/690] Argus Non-Ferrous Markets (2024-05-17).pdf
  [167/690] Argus Non-Ferrous Markets (2024-05-20).pdf
  [168/690] Argus Non-Ferrous Markets (2024-05-21).pdf
  [169/690] Argus Non-Ferrous Markets (2024-05-22).pdf
  [170/690] Argus Non-Ferrous Markets (2024-05-23).pdf
  [171/690] Argus Non-Ferrous Markets (2024-05-24).pdf
  [172/690] Argus Non-Ferrous Markets (2024-05-28).pdf
  [173/690] Argus Non-Ferrous Markets (2024-05-29).pdf
  [174/690] Argus Non-Ferrous Markets (2024-05-30).pdf
  [175/690] Argus Non-Ferrous Markets (2024-05-31).pdf
  [176/690] Argus Non-Ferrous Markets (2024-06-03).pdf
  [177/690] Argus Non-Ferrous Markets (2024-06-04).pdf
  [178/690] Argus Non-Ferrous Markets (2024-06-05).pdf
  [179/690] Argus Non-Ferrous Markets (2024-06-06).pdf
  [180/690] Argus Non-Ferrous Markets (2024-06-07).pdf
  [181/690] Argus Non-Ferrous Markets (2024-06-10).pdf
  [182/690] Argus Non-Ferrous Markets (2024-06-11).pdf
  [183/690] Argus Non-Ferrous Markets (2024-06-12).pdf
  [184/690] Argus Non-Ferrous Markets (2024-06-13).pdf
  [185/690] Argus Non-Ferrous Markets (2024-06-14).pdf
  [186/690] Argus Non-Ferrous Markets (2024-06-17).pdf
  [187/690] Argus Non-Ferrous Markets (2024-06-18).pdf
  [188/690] Argus Non-Ferrous Markets (2024-06-19).pdf
  [189/690] Argus Non-Ferrous Markets (2024-06-20).pdf
  [190/690] Argus Non-Ferrous Markets (2024-06-21).pdf
  [191/690] Argus Non-Ferrous Markets (2024-06-24).pdf
  [192/690] Argus Non-Ferrous Markets (2024-06-25).pdf
  [193/690] Argus Non-Ferrous Markets (2024-06-26).pdf
  [194/690] Argus Non-Ferrous Markets (2024-06-27).pdf
  [195/690] Argus Non-Ferrous Markets (2024-06-28).pdf
  [196/690] Argus Non-Ferrous Markets (2024-07-01).pdf
  [197/690] Argus Non-Ferrous Markets (2024-07-02).pdf
  [198/690] Argus Non-Ferrous Markets (2024-07-03).pdf
  [199/690] Argus Non-Ferrous Markets (2024-07-04).pdf
  [200/690] Argus Non-Ferrous Markets (2024-07-05).pdf
  [201/690] Argus Non-Ferrous Markets (2024-07-08).pdf
  [202/690] Argus Non-Ferrous Markets (2024-07-09).pdf
  [203/690] Argus Non-Ferrous Markets (2024-07-10).pdf
  [204/690] Argus Non-Ferrous Markets (2024-07-11).pdf
  [205/690] Argus Non-Ferrous Markets (2024-07-12).pdf
  [206/690] Argus Non-Ferrous Markets (2024-07-15).pdf
  [207/690] Argus Non-Ferrous Markets (2024-07-16).pdf
  [208/690] Argus Non-Ferrous Markets (2024-07-17).pdf
  [209/690] Argus Non-Ferrous Markets (2024-07-18).pdf
  [210/690] Argus Non-Ferrous Markets (2024-07-19).pdf
  [211/690] Argus Non-Ferrous Markets (2024-07-22).pdf
  [212/690] Argus Non-Ferrous Markets (2024-07-23).pdf
  [213/690] Argus Non-Ferrous Markets (2024-07-24).pdf
  [214/690] Argus Non-Ferrous Markets (2024-07-25).pdf
  [215/690] Argus Non-Ferrous Markets (2024-07-26).pdf
  [216/690] Argus Non-Ferrous Markets (2024-07-29).pdf
  [217/690] Argus Non-Ferrous Markets (2024-07-30).pdf
  [218/690] Argus Non-Ferrous Markets (2024-07-31).pdf
  [219/690] Argus Non-Ferrous Markets (2024-08-01).pdf
  [220/690] Argus Non-Ferrous Markets (2024-08-02).pdf
  [221/690] Argus Non-Ferrous Markets (2024-08-05).pdf
  [222/690] Argus Non-Ferrous Markets (2024-08-06).pdf
  [223/690] Argus Non-Ferrous Markets (2024-08-07).pdf
  [224/690] Argus Non-Ferrous Markets (2024-08-08).pdf
  [225/690] Argus Non-Ferrous Markets (2024-08-09).pdf
  [226/690] Argus Non-Ferrous Markets (2024-08-12).pdf
  [227/690] Argus Non-Ferrous Markets (2024-08-13).pdf
  [228/690] Argus Non-Ferrous Markets (2024-08-14).pdf
  [229/690] Argus Non-Ferrous Markets (2024-08-15).pdf
  [230/690] Argus Non-Ferrous Markets (2024-08-16).pdf
  [231/690] Argus Non-Ferrous Markets (2024-08-19).pdf
  [232/690] Argus Non-Ferrous Markets (2024-08-20).pdf
  [233/690] Argus Non-Ferrous Markets (2024-08-21).pdf
  [234/690] Argus Non-Ferrous Markets (2024-08-22).pdf
  [235/690] Argus Non-Ferrous Markets (2024-08-23).pdf
  [236/690] Argus Non-Ferrous Markets (2024-08-27).pdf
  [237/690] Argus Non-Ferrous Markets (2024-08-28).pdf
  [238/690] Argus Non-Ferrous Markets (2024-08-29).pdf
  [239/690] Argus Non-Ferrous Markets (2024-08-30).pdf
  [240/690] Argus Non-Ferrous Markets (2024-09-02).pdf
  [241/690] Argus Non-Ferrous Markets (2024-09-03).pdf
  [242/690] Argus Non-Ferrous Markets (2024-09-04).pdf
  [243/690] Argus Non-Ferrous Markets (2024-09-05).pdf
  [244/690] Argus Non-Ferrous Markets (2024-09-06).pdf
  [245/690] Argus Non-Ferrous Markets (2024-09-09).pdf
  [246/690] Argus Non-Ferrous Markets (2024-09-10).pdf
  [247/690] Argus Non-Ferrous Markets (2024-09-11).pdf
  [248/690] Argus Non-Ferrous Markets (2024-09-12).pdf
  [249/690] Argus Non-Ferrous Markets (2024-09-13).pdf
  [250/690] Argus Non-Ferrous Markets (2024-09-16).pdf
  [251/690] Argus Non-Ferrous Markets (2024-09-17).pdf
  [252/690] Argus Non-Ferrous Markets (2024-09-18).pdf
  [253/690] Argus Non-Ferrous Markets (2024-09-19).pdf
  [254/690] Argus Non-Ferrous Markets (2024-09-20).pdf
  [255/690] Argus Non-Ferrous Markets (2024-09-23).pdf
  [256/690] Argus Non-Ferrous Markets (2024-09-24).pdf
  [257/690] Argus Non-Ferrous Markets (2024-09-25).pdf
  [258/690] Argus Non-Ferrous Markets (2024-09-26).pdf
  [259/690] Argus Non-Ferrous Markets (2024-09-27).pdf
  [260/690] Argus Non-Ferrous Markets (2024-09-30).pdf
  [261/690] Argus Non-Ferrous Markets (2024-10-01).pdf
  [262/690] Argus Non-Ferrous Markets (2024-10-02).pdf
  [263/690] Argus Non-Ferrous Markets (2024-10-03).pdf
  [264/690] Argus Non-Ferrous Markets (2024-10-04).pdf
  [265/690] Argus Non-Ferrous Markets (2024-10-07).pdf
  [266/690] Argus Non-Ferrous Markets (2024-10-08).pdf
  [267/690] Argus Non-Ferrous Markets (2024-10-09).pdf
  [268/690] Argus Non-Ferrous Markets (2024-10-10).pdf
  [269/690] Argus Non-Ferrous Markets (2024-10-11).pdf
  [270/690] Argus Non-Ferrous Markets (2024-10-14).pdf
  [271/690] Argus Non-Ferrous Markets (2024-10-15).pdf
  [272/690] Argus Non-Ferrous Markets (2024-10-16).pdf
  [273/690] Argus Non-Ferrous Markets (2024-10-17).pdf
  [274/690] Argus Non-Ferrous Markets (2024-10-18).pdf
  [275/690] Argus Non-Ferrous Markets (2024-10-21).pdf
  [276/690] Argus Non-Ferrous Markets (2024-10-22).pdf
  [277/690] Argus Non-Ferrous Markets (2024-10-23).pdf
  [278/690] Argus Non-Ferrous Markets (2024-10-24).pdf
  [279/690] Argus Non-Ferrous Markets (2024-10-25).pdf
  [280/690] Argus Non-Ferrous Markets (2024-10-28).pdf
  [281/690] Argus Non-Ferrous Markets (2024-10-29).pdf
  [282/690] Argus Non-Ferrous Markets (2024-10-30).pdf
  [283/690] Argus Non-Ferrous Markets (2024-10-31).pdf
  [284/690] Argus Non-Ferrous Markets (2024-11-01).pdf
  [285/690] Argus Non-Ferrous Markets (2024-11-04).pdf
  [286/690] Argus Non-Ferrous Markets (2024-11-05).pdf
  [287/690] Argus Non-Ferrous Markets (2024-11-06).pdf
  [288/690] Argus Non-Ferrous Markets (2024-11-07).pdf
  [289/690] Argus Non-Ferrous Markets (2024-11-08).pdf
  [290/690] Argus Non-Ferrous Markets (2024-11-11).pdf
  [291/690] Argus Non-Ferrous Markets (2024-11-12).pdf
  [292/690] Argus Non-Ferrous Markets (2024-11-13).pdf
  [293/690] Argus Non-Ferrous Markets (2024-11-14).pdf
  [294/690] Argus Non-Ferrous Markets (2024-11-15).pdf
  [295/690] Argus Non-Ferrous Markets (2024-11-18).pdf
  [296/690] Argus Non-Ferrous Markets (2024-11-19).pdf
  [297/690] Argus Non-Ferrous Markets (2024-11-20).pdf
  [298/690] Argus Non-Ferrous Markets (2024-11-21).pdf
  [299/690] Argus Non-Ferrous Markets (2024-11-22).pdf
  [300/690] Argus Non-Ferrous Markets (2024-11-25).pdf
  [301/690] Argus Non-Ferrous Markets (2024-11-26).pdf
  [302/690] Argus Non-Ferrous Markets (2024-11-27).pdf
  [303/690] Argus Non-Ferrous Markets (2024-11-28).pdf
  [304/690] Argus Non-Ferrous Markets (2024-11-29).pdf
  [305/690] Argus Non-Ferrous Markets (2024-12-02).pdf
  [306/690] Argus Non-Ferrous Markets (2024-12-03).pdf
  [307/690] Argus Non-Ferrous Markets (2024-12-04).pdf
  [308/690] Argus Non-Ferrous Markets (2024-12-05).pdf
  [309/690] Argus Non-Ferrous Markets (2024-12-06).pdf
  [310/690] Argus Non-Ferrous Markets (2024-12-09).pdf
  [311/690] Argus Non-Ferrous Markets (2024-12-10).pdf
  [312/690] Argus Non-Ferrous Markets (2024-12-11).pdf
  [313/690] Argus Non-Ferrous Markets (2024-12-12).pdf
  [314/690] Argus Non-Ferrous Markets (2024-12-13).pdf
  [315/690] Argus Non-Ferrous Markets (2024-12-16).pdf
  [316/690] Argus Non-Ferrous Markets (2024-12-17).pdf
  [317/690] Argus Non-Ferrous Markets (2024-12-18).pdf
  [318/690] Argus Non-Ferrous Markets (2024-12-19).pdf
  [319/690] Argus Non-Ferrous Markets (2024-12-20).pdf
  [320/690] Argus Non-Ferrous Markets (2024-12-23).pdf
  [321/690] Argus Non-Ferrous Markets (2024-12-24).pdf
  [322/690] Argus Non-Ferrous Markets (2024-12-27).pdf
  [323/690] Argus Non-Ferrous Markets (2024-12-30).pdf
  [324/690] Argus Non-Ferrous Markets (2024-12-31).pdf
  [325/690] Argus Non-Ferrous Markets (2025-01-02).pdf
  [326/690] Argus Non-Ferrous Markets (2025-01-03).pdf
  [327/690] Argus Non-Ferrous Markets (2025-01-06).pdf
  [328/690] Argus Non-Ferrous Markets (2025-01-07).pdf
  [329/690] Argus Non-Ferrous Markets (2025-01-08).pdf
  [330/690] Argus Non-Ferrous Markets (2025-01-09).pdf
  [331/690] Argus Non-Ferrous Markets (2025-01-10).pdf
  [332/690] Argus Non-Ferrous Markets (2025-01-13).pdf
  [333/690] Argus Non-Ferrous Markets (2025-01-14).pdf
  [334/690] Argus Non-Ferrous Markets (2025-01-15).pdf
  [335/690] Argus Non-Ferrous Markets (2025-01-16).pdf
  [336/690] Argus Non-Ferrous Markets (2025-01-17).pdf
  [337/690] Argus Non-Ferrous Markets (2025-01-20).pdf
  [338/690] Argus Non-Ferrous Markets (2025-01-21).pdf
  [339/690] Argus Non-Ferrous Markets (2025-01-22).pdf
  [340/690] Argus Non-Ferrous Markets (2025-01-23).pdf
  [341/690] Argus Non-Ferrous Markets (2025-01-24).pdf
  [342/690] Argus Non-Ferrous Markets (2025-01-27).pdf
  [343/690] Argus Non-Ferrous Markets (2025-01-28).pdf
  [344/690] Argus Non-Ferrous Markets (2025-01-29).pdf
  [345/690] Argus Non-Ferrous Markets (2025-01-30).pdf
  [346/690] Argus Non-Ferrous Markets (2025-01-31).pdf
  [347/690] Argus Non-Ferrous Markets (2025-02-03).pdf
  [348/690] Argus Non-Ferrous Markets (2025-02-04).pdf
  [349/690] Argus Non-Ferrous Markets (2025-02-05).pdf
  [350/690] Argus Non-Ferrous Markets (2025-02-06).pdf
  [351/690] Argus Non-Ferrous Markets (2025-02-07).pdf
  [352/690] Argus Non-Ferrous Markets (2025-02-10).pdf
  [353/690] Argus Non-Ferrous Markets (2025-02-11).pdf
  [354/690] Argus Non-Ferrous Markets (2025-02-12).pdf
  [355/690] Argus Non-Ferrous Markets (2025-02-13).pdf
  [356/690] Argus Non-Ferrous Markets (2025-02-14).pdf
  [357/690] Argus Non-Ferrous Markets (2025-02-17).pdf
  [358/690] Argus Non-Ferrous Markets (2025-02-18).pdf
  [359/690] Argus Non-Ferrous Markets (2025-02-19).pdf
  [360/690] Argus Non-Ferrous Markets (2025-02-20).pdf
  [361/690] Argus Non-Ferrous Markets (2025-02-21).pdf
  [362/690] Argus Non-Ferrous Markets (2025-02-24).pdf
  [363/690] Argus Non-Ferrous Markets (2025-02-25).pdf
  [364/690] Argus Non-Ferrous Markets (2025-02-26).pdf
  [365/690] Argus Non-Ferrous Markets (2025-02-27).pdf
  [366/690] Argus Non-Ferrous Markets (2025-02-28).pdf
  [367/690] Argus Non-Ferrous Markets (2025-03-03).pdf
  [368/690] Argus Non-Ferrous Markets (2025-03-04).pdf
  [369/690] Argus Non-Ferrous Markets (2025-03-05).pdf
  [370/690] Argus Non-Ferrous Markets (2025-03-06).pdf
  [371/690] Argus Non-Ferrous Markets (2025-03-07).pdf
  [372/690] Argus Non-Ferrous Markets (2025-03-10).pdf
  [373/690] Argus Non-Ferrous Markets (2025-03-11).pdf
  [374/690] Argus Non-Ferrous Markets (2025-03-12).pdf
  [375/690] Argus Non-Ferrous Markets (2025-03-13).pdf
  [376/690] Argus Non-Ferrous Markets (2025-03-14).pdf
  [377/690] Argus Non-Ferrous Markets (2025-03-17).pdf
  [378/690] Argus Non-Ferrous Markets (2025-03-18).pdf
  [379/690] Argus Non-Ferrous Markets (2025-03-19).pdf
  [380/690] Argus Non-Ferrous Markets (2025-03-20).pdf
  [381/690] Argus Non-Ferrous Markets (2025-03-21).pdf
  [382/690] Argus Non-Ferrous Markets (2025-03-24).pdf
  [383/690] Argus Non-Ferrous Markets (2025-03-25).pdf
  [384/690] Argus Non-Ferrous Markets (2025-03-26).pdf
  [385/690] Argus Non-Ferrous Markets (2025-03-27).pdf
  [386/690] Argus Non-Ferrous Markets (2025-03-28).pdf
  [387/690] Argus Non-Ferrous Markets (2025-03-31).pdf
  [388/690] Argus Non-Ferrous Markets (2025-04-01).pdf
  [389/690] Argus Non-Ferrous Markets (2025-04-02).pdf
  [390/690] Argus Non-Ferrous Markets (2025-04-03).pdf
  [391/690] Argus Non-Ferrous Markets (2025-04-04).pdf
  [392/690] Argus Non-Ferrous Markets (2025-04-07).pdf
  [393/690] Argus Non-Ferrous Markets (2025-04-08).pdf
  [394/690] Argus Non-Ferrous Markets (2025-04-09).pdf
  [395/690] Argus Non-Ferrous Markets (2025-04-10).pdf
  [396/690] Argus Non-Ferrous Markets (2025-04-11).pdf
  [397/690] Argus Non-Ferrous Markets (2025-04-14).pdf
  [398/690] Argus Non-Ferrous Markets (2025-04-15).pdf
  [399/690] Argus Non-Ferrous Markets (2025-04-16).pdf
  [400/690] Argus Non-Ferrous Markets (2025-04-17).pdf
  [401/690] Argus Non-Ferrous Markets (2025-04-22).pdf
  [402/690] Argus Non-Ferrous Markets (2025-04-23).pdf
  [403/690] Argus Non-Ferrous Markets (2025-04-24).pdf
  [404/690] Argus Non-Ferrous Markets (2025-04-25).pdf
  [405/690] Argus Non-Ferrous Markets (2025-04-28).pdf
  [406/690] Argus Non-Ferrous Markets (2025-04-29).pdf
  [407/690] Argus Non-Ferrous Markets (2025-04-30).pdf
  [408/690] Argus Non-Ferrous Markets (2025-05-01).pdf
  [409/690] Argus Non-Ferrous Markets (2025-05-02).pdf
  [410/690] Argus Non-Ferrous Markets (2025-05-06).pdf
  [411/690] Argus Non-Ferrous Markets (2025-05-07).pdf
  [412/690] Argus Non-Ferrous Markets (2025-05-08).pdf
  [413/690] Argus Non-Ferrous Markets (2025-05-09).pdf
  [414/690] Argus Non-Ferrous Markets (2025-05-12).pdf
  [415/690] Argus Non-Ferrous Markets (2025-05-13).pdf
  [416/690] Argus Non-Ferrous Markets (2025-05-14).pdf
  [417/690] Argus Non-Ferrous Markets (2025-05-15).pdf
  [418/690] Argus Non-Ferrous Markets (2025-05-16).pdf
  [419/690] Argus Non-Ferrous Markets (2025-05-19).pdf
  [420/690] Argus Non-Ferrous Markets (2025-05-20).pdf
  [421/690] Argus Non-Ferrous Markets (2025-05-21).pdf
  [422/690] Argus Non-Ferrous Markets (2025-05-22).pdf
  [423/690] Argus Non-Ferrous Markets (2025-05-23).pdf
  [424/690] Argus Non-Ferrous Markets (2025-05-27).pdf
  [425/690] Argus Non-Ferrous Markets (2025-05-28).pdf
  [426/690] Argus Non-Ferrous Markets (2025-05-29).pdf
  [427/690] Argus Non-Ferrous Markets (2025-05-30).pdf
  [428/690] Argus Non-Ferrous Markets (2025-06-02).pdf
  [429/690] Argus Non-Ferrous Markets (2025-06-03).pdf
  [430/690] Argus Non-Ferrous Markets (2025-06-04).pdf
  [431/690] Argus Non-Ferrous Markets (2025-06-05).pdf
  [432/690] Argus Non-Ferrous Markets (2025-06-06).pdf
  [433/690] Argus Non-Ferrous Markets (2025-06-09).pdf
  [434/690] Argus Non-Ferrous Markets (2025-06-10).pdf
  [435/690] Argus Non-Ferrous Markets (2025-06-11).pdf
  [436/690] Argus Non-Ferrous Markets (2025-06-12).pdf
  [437/690] Argus Non-Ferrous Markets (2025-06-13).pdf
  [438/690] Argus Non-Ferrous Markets (2025-06-16).pdf
  [439/690] Argus Non-Ferrous Markets (2025-06-17).pdf
  [440/690] Argus Non-Ferrous Markets (2025-06-18).pdf
  [441/690] Argus Non-Ferrous Markets (2025-06-19).pdf
  [442/690] Argus Non-Ferrous Markets (2025-06-20).pdf
  [443/690] Argus Non-Ferrous Markets (2025-06-23).pdf
  [444/690] Argus Non-Ferrous Markets (2025-06-24).pdf
  [445/690] Argus Non-Ferrous Markets (2025-06-25).pdf
  [446/690] Argus Non-Ferrous Markets (2025-06-26).pdf
  [447/690] Argus Non-Ferrous Markets (2025-06-27).pdf
  [448/690] Argus Non-Ferrous Markets (2025-06-30).pdf
  [449/690] Argus Non-Ferrous Markets (2025-07-01).pdf
  [450/690] Argus Non-Ferrous Markets (2025-07-02).pdf
  [451/690] Argus Non-Ferrous Markets (2025-07-03).pdf
  [452/690] Argus Non-Ferrous Markets (2025-07-04).pdf
  [453/690] Argus Non-Ferrous Markets (2025-07-07).pdf
  [454/690] Argus Non-Ferrous Markets (2025-07-08).pdf
  [455/690] Argus Non-Ferrous Markets (2025-07-09).pdf
  [456/690] Argus Non-Ferrous Markets (2025-07-10).pdf
  [457/690] Argus Non-Ferrous Markets (2025-07-11).pdf
  [458/690] Argus Non-Ferrous Markets (2025-07-14).pdf
  [459/690] Argus Non-Ferrous Markets (2025-07-15).pdf
  [460/690] Argus Non-Ferrous Markets (2025-07-16).pdf
  [461/690] Argus Non-Ferrous Markets (2025-07-17).pdf
  [462/690] Argus Non-Ferrous Markets (2025-07-18).pdf
  [463/690] Argus Non-Ferrous Markets (2025-07-21).pdf
  [464/690] Argus Non-Ferrous Markets (2025-07-22).pdf
  [465/690] Argus Non-Ferrous Markets (2025-07-23).pdf
  [466/690] Argus Non-Ferrous Markets (2025-07-24).pdf
  [467/690] Argus Non-Ferrous Markets (2025-07-25).pdf
  [468/690] Argus Non-Ferrous Markets (2025-07-28).pdf
  [469/690] Argus Non-Ferrous Markets (2025-07-29).pdf
  [470/690] Argus Non-Ferrous Markets (2025-07-30).pdf
  [471/690] Argus Non-Ferrous Markets (2025-07-31).pdf
  [472/690] Argus Non-Ferrous Markets (2025-08-01).pdf
  [473/690] Argus Non-Ferrous Markets (2025-08-04).pdf
  [474/690] Argus Non-Ferrous Markets (2025-08-05).pdf
  [475/690] Argus Non-Ferrous Markets (2025-08-06).pdf
  [476/690] Argus Non-Ferrous Markets (2025-08-07).pdf
  [477/690] Argus Non-Ferrous Markets (2025-08-08).pdf
  [478/690] Argus Non-Ferrous Markets (2025-08-11).pdf
  [479/690] Argus Non-Ferrous Markets (2025-08-12).pdf
  [480/690] Argus Non-Ferrous Markets (2025-08-13).pdf
  [481/690] Argus Non-Ferrous Markets (2025-08-14).pdf
  [482/690] Argus Non-Ferrous Markets (2025-08-15).pdf
  [483/690] Argus Non-Ferrous Markets (2025-08-18).pdf
  [484/690] Argus Non-Ferrous Markets (2025-08-19).pdf
  [485/690] Argus Non-Ferrous Markets (2025-08-20).pdf
  [486/690] Argus Non-Ferrous Markets (2025-08-21).pdf
  [487/690] Argus Non-Ferrous Markets (2025-08-22).pdf
  [488/690] Argus Non-Ferrous Markets (2025-08-26).pdf
  [489/690] Argus Non-Ferrous Markets (2025-08-27).pdf
  [490/690] Argus Non-Ferrous Markets (2025-08-28).pdf
  [491/690] Argus Non-Ferrous Markets (2025-08-29).pdf
  [492/690] Argus Non-Ferrous Markets (2025-09-01).pdf
  [493/690] Argus Non-Ferrous Markets (2025-09-02).pdf
  [494/690] Argus Non-Ferrous Markets (2025-09-03).pdf
  [495/690] Argus Non-Ferrous Markets (2025-09-04).pdf
  [496/690] Argus Non-Ferrous Markets (2025-09-05).pdf
  [497/690] Argus Non-Ferrous Markets (2025-09-08).pdf
  [498/690] Argus Non-Ferrous Markets (2025-09-09).pdf
  [499/690] Argus Non-Ferrous Markets (2025-09-10).pdf
  [500/690] Argus Non-Ferrous Markets (2025-09-11).pdf
  [501/690] Argus Non-Ferrous Markets (2025-09-12).pdf
  [502/690] Argus Non-Ferrous Markets (2025-09-15).pdf
  [503/690] Argus Non-Ferrous Markets (2025-09-16).pdf
  [504/690] Argus Non-Ferrous Markets (2025-09-17).pdf
  [505/690] Argus Non-Ferrous Markets (2025-09-18).pdf
  [506/690] Argus Non-Ferrous Markets (2025-09-19).pdf
  [507/690] Argus Non-Ferrous Markets (2025-09-22).pdf
  [508/690] Argus Non-Ferrous Markets (2025-09-23).pdf
  [509/690] Argus Non-Ferrous Markets (2025-09-24).pdf
  [510/690] Argus Non-Ferrous Markets (2025-09-25).pdf
  [511/690] Argus Non-Ferrous Markets (2025-09-26).pdf
  [512/690] Argus Non-Ferrous Markets (2025-09-29).pdf
  [513/690] Argus Non-Ferrous Markets (2025-09-30).pdf
  [514/690] Argus Non-Ferrous Markets (2025-10-01).pdf
  [515/690] Argus Non-Ferrous Markets (2025-10-02).pdf
  [516/690] Argus Non-Ferrous Markets (2025-10-03).pdf
  [517/690] Argus Non-Ferrous Markets (2025-10-06).pdf
  [518/690] Argus Non-Ferrous Markets (2025-10-07).pdf
  [519/690] Argus Non-Ferrous Markets (2025-10-08).pdf
  [520/690] Argus Non-Ferrous Markets (2025-10-09).pdf
  [521/690] Argus Non-Ferrous Markets (2025-10-10).pdf
  [522/690] Argus Non-Ferrous Markets (2025-10-13).pdf
  [523/690] Argus Non-Ferrous Markets (2025-10-14).pdf
  [524/690] Argus Non-Ferrous Markets (2025-10-15).pdf
  [525/690] Argus Non-Ferrous Markets (2025-10-16).pdf
  [526/690] Argus Non-Ferrous Markets (2025-10-17).pdf
  [527/690] Argus Non-Ferrous Markets (2025-10-20).pdf
  [528/690] Argus Non-Ferrous Markets (2025-10-21).pdf
  [529/690] Argus Non-Ferrous Markets (2025-10-22).pdf
  [530/690] Argus Non-Ferrous Markets (2025-10-23).pdf
  [531/690] Argus Non-Ferrous Markets (2025-10-24).pdf
  [532/690] Argus Non-Ferrous Markets (2025-10-27).pdf
  [533/690] Argus Non-Ferrous Markets (2025-10-28).pdf
  [534/690] Argus Non-Ferrous Markets (2025-10-29).pdf
  [535/690] Argus Non-Ferrous Markets (2025-10-30).pdf
  [536/690] Argus Non-Ferrous Markets (2025-10-31).pdf
  [537/690] Argus Non-Ferrous Markets (2025-11-03).pdf
  [538/690] Argus Non-Ferrous Markets (2025-11-04).pdf
  [539/690] Argus Non-Ferrous Markets (2025-11-05).pdf
  [540/690] Argus Non-Ferrous Markets (2025-11-06).pdf
  [541/690] Argus Non-Ferrous Markets (2025-11-07).pdf
  [542/690] Argus Non-Ferrous Markets (2025-11-10).pdf
  [543/690] Argus Non-Ferrous Markets (2025-11-11).pdf
  [544/690] Argus Non-Ferrous Markets (2025-11-12).pdf
  [545/690] Argus Non-Ferrous Markets (2025-11-13).pdf
  [546/690] Argus Non-Ferrous Markets (2025-11-14).pdf
  [547/690] Argus Non-Ferrous Markets (2025-11-17).pdf
  [548/690] Argus Non-Ferrous Markets (2025-11-18).pdf
  [549/690] Argus Non-Ferrous Markets (2025-11-19).pdf
  [550/690] Argus Non-Ferrous Markets (2025-11-20).pdf
  [551/690] Argus Non-Ferrous Markets (2025-11-21).pdf
  [552/690] Argus Non-Ferrous Markets (2025-11-24).pdf
  [553/690] Argus Non-Ferrous Markets (2025-11-25).pdf
  [554/690] Argus Non-Ferrous Markets (2025-11-26).pdf
  [555/690] Argus Non-Ferrous Markets (2025-11-27).pdf
  [556/690] Argus Non-Ferrous Markets (2025-11-28).pdf
  [557/690] Argus Non-Ferrous Markets (2025-12-01).pdf
  [558/690] Argus Non-Ferrous Markets (2025-12-02).pdf
  [559/690] Argus Non-Ferrous Markets (2025-12-03).pdf
  [560/690] Argus Non-Ferrous Markets (2025-12-04).pdf
  [561/690] Argus Non-Ferrous Markets (2025-12-05).pdf
  [562/690] Argus Non-Ferrous Markets (2025-12-08).pdf
  [563/690] Argus Non-Ferrous Markets (2025-12-09).pdf
  [564/690] Argus Non-Ferrous Markets (2025-12-10).pdf
  [565/690] Argus Non-Ferrous Markets (2025-12-11).pdf
  [566/690] Argus Non-Ferrous Markets (2025-12-12).pdf
  [567/690] Argus Non-Ferrous Markets (2025-12-15).pdf
  [568/690] Argus Non-Ferrous Markets (2025-12-16).pdf
  [569/690] Argus Non-Ferrous Markets (2025-12-17).pdf
  [570/690] Argus Non-Ferrous Markets (2025-12-18).pdf
  [571/690] Argus Non-Ferrous Markets (2025-12-19).pdf
  [572/690] Argus Non-Ferrous Markets (2025-12-22).pdf
  [573/690] Argus Non-Ferrous Markets (2025-12-23).pdf
  [574/690] Argus Non-Ferrous Markets (2025-12-24).pdf
  [575/690] Argus Non-Ferrous Markets (2025-12-29).pdf
  [576/690] Argus Non-Ferrous Markets (2025-12-30).pdf
  [577/690] Argus Non-Ferrous Markets (2025-12-31).pdf
  [578/690] Argus Non-Ferrous Markets (2026-01-02).pdf
  [579/690] Argus Non-Ferrous Markets (2026-01-05).pdf
  [580/690] Argus Non-Ferrous Markets (2026-01-06).pdf
  [581/690] Argus Non-Ferrous Markets (2026-01-07).pdf
  [582/690] Argus Non-Ferrous Markets (2026-01-08).pdf
  [583/690] Argus Non-Ferrous Markets (2026-01-09).pdf
  [584/690] Argus Non-Ferrous Markets (2026-01-12).pdf
  [585/690] Argus Non-Ferrous Markets (2026-01-13).pdf
  [586/690] Argus Non-Ferrous Markets (2026-01-14).pdf
  [587/690] Argus Non-Ferrous Markets (2026-01-15).pdf
  [588/690] Argus Non-Ferrous Markets (2026-01-16).pdf
  [589/690] Argus Non-Ferrous Markets (2026-01-19).pdf
  [590/690] Argus Non-Ferrous Markets (2026-01-20).pdf
  [591/690] Argus Non-Ferrous Markets (2026-01-21).pdf
  [592/690] Argus Non-Ferrous Markets (2026-01-22).pdf
  [593/690] Argus Non-Ferrous Markets (2026-01-23).pdf
  [594/690] Argus Non-Ferrous Markets (2026-01-26).pdf
  [595/690] Argus Non-Ferrous Markets (2026-01-27).pdf
  [596/690] Argus Non-Ferrous Markets (2026-01-28).pdf
  [597/690] Argus Non-Ferrous Markets (2026-01-29).pdf
  [598/690] Argus Non-Ferrous Markets (2026-01-30).pdf
  [599/690] Argus Non-Ferrous Markets (2026-02-02).pdf
  [600/690] Argus Non-Ferrous Markets (2026-02-03).pdf
  [601/690] Argus Non-Ferrous Markets (2026-02-04).pdf
  [602/690] Argus Non-Ferrous Markets (2026-02-05).pdf
  [603/690] Argus Non-Ferrous Markets (2026-02-06).pdf
  [604/690] Argus Non-Ferrous Markets (2026-02-09).pdf
  [605/690] Argus Non-Ferrous Markets (2026-02-10).pdf
  [606/690] Argus Non-Ferrous Markets (2026-02-11).pdf
  [607/690] Argus Non-Ferrous Markets (2026-02-12).pdf
  [608/690] Argus Non-Ferrous Markets (2026-02-13).pdf
  [609/690] Argus Non-Ferrous Markets (2026-02-16).pdf
  [610/690] Argus Non-Ferrous Markets (2026-02-17).pdf
  [611/690] Argus Non-Ferrous Markets (2026-02-18).pdf
  [612/690] Argus Non-Ferrous Markets (2026-02-19).pdf
  [613/690] Argus Non-Ferrous Markets (2026-02-20).pdf
  [614/690] Argus Non-Ferrous Markets (2026-02-23).pdf
  [615/690] Argus Non-Ferrous Markets (2026-02-24).pdf
  [616/690] Argus Non-Ferrous Markets (2026-02-25).pdf
  [617/690] Argus Non-Ferrous Markets (2026-02-26).pdf
  [618/690] Argus Non-Ferrous Markets (2026-02-27).pdf
  [619/690] Argus Non-Ferrous Markets (2026-03-02).pdf
  [620/690] Argus Non-Ferrous Markets (2026-03-03).pdf
  [621/690] Argus Non-Ferrous Markets (2026-03-04).pdf
  [622/690] Argus Non-Ferrous Markets (2026-03-05).pdf
  [623/690] Argus Non-Ferrous Markets (2026-03-06).pdf
  [624/690] Argus Non-Ferrous Markets (2026-03-09).pdf
  [625/690] Argus Non-Ferrous Markets (2026-03-10).pdf
  [626/690] Argus Non-Ferrous Markets (2026-03-11).pdf
  [627/690] Argus Non-Ferrous Markets (2026-03-12).pdf
  [628/690] Argus Non-Ferrous Markets (2026-03-13).pdf
  [629/690] Argus Non-Ferrous Markets (2026-03-16).pdf
  [630/690] Argus Non-Ferrous Markets (2026-03-17).pdf
  [631/690] Argus Non-Ferrous Markets (2026-03-18).pdf
  [632/690] Argus Non-Ferrous Markets (2026-03-19).pdf
  [633/690] Argus Non-Ferrous Markets (2026-03-20).pdf
  [634/690] Argus Non-Ferrous Markets (2026-03-23).pdf
  [635/690] Argus Non-Ferrous Markets (2026-03-24).pdf
  [636/690] Argus Non-Ferrous Markets (2026-03-25).pdf
  [637/690] Argus Non-Ferrous Markets (2026-03-26).pdf
  [638/690] Argus Non-Ferrous Markets (2026-03-27).pdf
  [639/690] Argus Non-Ferrous Markets (2026-03-30).pdf
  [640/690] Argus Non-Ferrous Markets (2026-03-31).pdf
  [641/690] Argus Non-Ferrous Markets (2026-04-01).pdf
  [642/690] Argus Non-Ferrous Markets (2026-04-02).pdf
  [643/690] Argus Non-Ferrous Markets (2026-04-07).pdf
  [644/690] Argus Non-Ferrous Markets (2026-04-08).pdf
  [645/690] Argus Non-Ferrous Markets (2026-04-09).pdf
  [646/690] Argus Non-Ferrous Markets (2026-04-10).pdf
  [647/690] Argus Non-Ferrous Markets (2026-04-13).pdf
  [648/690] Argus Non-Ferrous Markets (2026-04-14).pdf
  [649/690] Argus Non-Ferrous Markets (2026-04-15).pdf
  [650/690] Argus Non-Ferrous Markets (2026-04-16).pdf
  [651/690] Argus Non-Ferrous Markets (2026-04-17).pdf
  [652/690] Argus Non-Ferrous Markets (2026-04-20).pdf
  [653/690] Argus Non-Ferrous Markets (2026-04-21).pdf
  [654/690] Argus Non-Ferrous Markets (2026-04-22).pdf
  [655/690] Argus Non-Ferrous Markets (2026-04-23).pdf
  [656/690] Argus Non-Ferrous Markets (2026-04-24).pdf
  [657/690] Argus Non-Ferrous Markets (2026-04-27).pdf
  [658/690] Argus Non-Ferrous Markets (2026-04-28).pdf
  [659/690] Argus Non-Ferrous Markets (2026-04-29).pdf
  [660/690] Argus Non-Ferrous Markets (2026-04-30).pdf
  [661/690] Argus Non-Ferrous Markets (2026-05-01).pdf
  [662/690] Argus Non-Ferrous Markets (2026-05-05).pdf
  [663/690] Argus Non-Ferrous Markets (2026-05-06).pdf
  [664/690] Argus Non-Ferrous Markets (2026-05-07).pdf
  [665/690] Argus Non-Ferrous Markets (2026-05-08).pdf
  [666/690] Argus Non-Ferrous Markets (2026-05-11).pdf
  [667/690] Argus Non-Ferrous Markets (2026-05-12).pdf
  [668/690] Argus Non-Ferrous Markets (2026-05-13).pdf
  [669/690] Argus Non-Ferrous Markets (2026-05-14).pdf
  [670/690] Argus Non-Ferrous Markets (2026-05-15).pdf
  [671/690] Argus Non-Ferrous Markets (2026-05-18).pdf
  [672/690] Argus Non-Ferrous Markets (2026-05-19).pdf
  [673/690] Argus Non-Ferrous Markets (2026-05-20).pdf
  [674/690] Argus Non-Ferrous Markets (2026-05-21).pdf
  [675/690] Argus Non-Ferrous Markets (2026-05-22).pdf
  [676/690] Argus Non-Ferrous Markets (2026-05-26).pdf
  [677/690] Argus Non-Ferrous Markets (2026-05-27).pdf
  [678/690] Argus Non-Ferrous Markets (2026-05-28).pdf
  [679/690] Argus Non-Ferrous Markets (2026-05-29).pdf
  [680/690] Argus Non-Ferrous Markets (2026-06-01).pdf
  [681/690] Argus Non-Ferrous Markets (2026-06-02).pdf
  [682/690] Argus Non-Ferrous Markets (2026-06-03).pdf
  [683/690] Argus Non-Ferrous Markets (2026-06-04).pdf
  [684/690] Argus Non-Ferrous Markets (2026-06-05).pdf
  [685/690] Argus Non-Ferrous Markets (2026-06-08).pdf
  [686/690] Argus Non-Ferrous Markets (2026-06-09).pdf
  [687/690] Argus Non-Ferrous Markets (2026-06-10).pdf
  [688/690] Argus Non-Ferrous Markets (2026-06-11).pdf
  [689/690] Argus Non-Ferrous Markets (2026-06-12).pdf
  [690/690] Argus Non-Ferrous Markets (2026-06-15).pdf
  추출 요약: {'manifest_path': '/home/nuri/dev/git/ws/mine_ws/komir/inhouse/data_lake/semi_structure/pdf_extract/argus/manifest.json', 'documents_jsonl_path': '/home/nuri/dev/git/ws/mine_ws/komir/inhouse/data_lake/semi_structure/pdf_extract/argus/documents.jsonl', 'source_file_count': 690, 'unique_document_count': 690, 'action_counts': {'unchanged': 690}, 'status_counts': {'extracted': 690}}
  690건 생성 → /home/nuri/dev/git/ws/mine_ws/komir/inhouse/data_lake/semi_structure/okf_documents/Argus_비철금속_일일
완료: 문서-OKF 690건
=== [1/2] 완료 Wed Aug 19 12:13:04 PM KST 2026, exit=0 ===
=== [2/2] build_pageindex_trees --pattern Argus 시작 Wed Aug 19 12:13:04 PM KST 2026 ===
{"target_count": 0, "done": 0, "failed": 0, "skipped_no_heading": 0, "elapsed_sec": 0.0, "avg_sec": 0.0}
=== [2/2] 완료 Wed Aug 19 12:13:04 PM KST 2026, exit=0 ===
=== 전체 종료 Wed Aug 19 12:13:04 PM KST 2026 ===
