=== 2026-08-20 05:00:01 postgres 동기화 시작 ===
제외(postgres 정본, duckdb 쪽 데이터로 덮어쓰지 않음): ['chat_message', 'chat_session', 'doc_chunk']
이관 대상 36개 테이블 -> postgres:mineral_risk
  agg_production_hhi: 원본10 -> 대상10 [OK]
  agg_trade_annual: 원본65 -> 대상65 [OK]
  dim_hs_commodity: 원본0 -> 대상0 [OK]
  fact_diagnosis_answer: 원본2497 -> 대상2497 [OK]
  fact_indicator: 원본11327 -> 대상11327 [OK]
  fact_indicator_synth_backup: 원본370 -> 대상370 [OK]
  fact_inventory: 원본2030 -> 대상2030 [OK]
  fact_inventory_exch: 원본1962 -> 대상1962 [OK]
  fact_price: 원본6867 -> 대상6867 [OK]
  fact_price_synth_backup: 원본4830 -> 대상4830 [OK]
  fact_production_reserve: 원본207 -> 대상207 [OK]
  fact_series: 원본20592 -> 대상20592 [OK]
  fact_trade_annual: 원본1946 -> 대상1946 [OK]
  fact_trade_monthly: 원본21955 -> 대상21955 [OK]
  feat_import_growth: 원본15 -> 대상15 [OK]
  feat_import_hhi: 원본15 -> 대상15 [OK]
  geo_event: 원본297003 -> 대상297003 [OK]
  geo_index: 원본3556 -> 대상3556 [OK]
  geo_prob: 원본2510 -> 대상2510 [OK]
  mart_diagnosis_nowcast: 원본395 -> 대상395 [OK]
  mart_forecast_method_log: 원본1 -> 대상1 [OK]
  mart_monthly_forecast_input: 원본360 -> 대상360 [OK]
  mart_proxy_label: 원본1139 -> 대상1139 [OK]
  mart_weekly_diagnosis: 원본4621 -> 대상4621 [OK]
  out_ai_dashboard_summary: 원본6 -> 대상6 [OK]
  out_aux_early_warning: 원본5 -> 대상5 [OK]
  out_diagnosis_alert: 원본1652 -> 대상1652 [OK]
  out_import_forecast: 원본120 -> 대상120 [OK]
  out_import_forecast_unit: 원본60 -> 대상60 [OK]
  out_report: 원본9 -> 대상9 [OK]
  raw_customs_annual: 원본232001 -> 대상232001 [OK]
  raw_customs_annual_bycountry: 원본39962 -> 대상39962 [OK]
  raw_customs_monthly: 원본232001 -> 대상232001 [OK]
  raw_ecos: 원본257 -> 대상257 [OK]
  raw_hts_rates: 원본3435 -> 대상3435 [OK]
  raw_policy_notice: 원본1388 -> 대상1388 [OK]

완료: 36개 테이블, 불일치 0건
=== 2026-08-20 05:00:12 종료(exit=0) ===
